{
    "-profile test": {
        "content": [
            {
                "Workflow": {
                    "shahcompbio/nanogenome": "v1.0.1dev"
                }
            },
            [
                "pipeline_info",
                "pipeline_info/nanogenome_software_mqc_versions.yml"
            ],
            [
                
            ],
            [
                
            ],
            [
                
            ]
        ],
        "meta": {
            "nf-test": "0.9.2",
            "nextflow": "25.04.7"
        },
        "timestamp": "2025-11-09T22:09:55.617915634"
    }
}